[
  [
    "-push-notification.$domain=~github.com",
    [
      553507
    ]
  ],
  [
    "-push-notification/$domain=~github.com",
    [
      553508
    ]
  ],
  [
    "/accusmartwebpush-fire-push-public.js",
    [
      553509
    ]
  ],
  [
    "/al-fb-notification/assets/scripts/al-main-script.js",
    [
      553510
    ]
  ],
  [
    "/amp-user-notification-",
    [
      553511
    ]
  ],
  [
    "/amp-web-push-0.1.js",
    [
      553512
    ]
  ],
  [
    "/assets/www/notification.",
    [
      553513
    ]
  ],
  [
    "/build/push.js",
    [
      553514
    ]
  ],
  [
    "/checkPush.js",
    [
      553515
    ]
  ],
  [
    "/content/js/push.js",
    [
      553516
    ]
  ],
  [
    "/fcmPush.js",
    [
      553517
    ]
  ],
  [
    "/FeedifySW.js",
    [
      553518
    ]
  ],
  [
    "/flying_push.js",
    [
      553519
    ]
  ],
  [
    "/ilabspush.min.js",
    [
      553520
    ]
  ],
  [
    "/inpl.webpush.js",
    [
      553521
    ]
  ],
  [
    "/jquery-notification.js",
    [
      553522
    ]
  ],
  [
    "/jsb/pushnotifications?",
    [
      553523
    ]
  ],
  [
    "/list_notificaciones.php",
    [
      553524
    ]
  ],
  [
    "/maximizly-push.js",
    [
      553525
    ]
  ],
  [
    "/modules/notifications.$domain=~forum.vivaldi.net|~pasty.lus.pm",
    [
      553526
    ]
  ],
  [
    "/mp-web-notification.js",
    [
      553527
    ]
  ],
  [
    "/notification-prod-sw.js",
    [
      553528
    ]
  ],
  [
    "/notification-sw.js",
    [
      553529
    ]
  ],
  [
    "/notification/notify.js",
    [
      553530
    ]
  ],
  [
    "/notifyme.js",
    [
      553531
    ]
  ],
  [
    "/notifyme.min.js",
    [
      553532
    ]
  ],
  [
    "/one-signal.js",
    [
      553533
    ]
  ],
  [
    "/one-signal.min.js",
    [
      553534
    ]
  ],
  [
    "/onesignal.js",
    [
      553535
    ]
  ],
  [
    "/onesignal.min.",
    [
      553536
    ]
  ],
  [
    "/onesignal/manifest.",
    [
      553537
    ]
  ],
  [
    "/onesignalfix.js",
    [
      553538
    ]
  ],
  [
    "/OneSignalSDKUpdaterWorker.js",
    [
      553539
    ]
  ],
  [
    "/OneSignalSDKWorker.js",
    [
      553540
    ]
  ],
  [
    "/perfecty-push-sdk.min.js",
    [
      553541
    ]
  ],
  [
    "/plugins/tfnotifier-wp/swloader.php",
    [
      553542
    ]
  ],
  [
    "/push-notification.js",
    [
      553543
    ]
  ],
  [
    "/push-notification.min.js",
    [
      553544
    ]
  ],
  [
    "/push-notification/*$domain=~upwork.com",
    [
      553545
    ]
  ],
  [
    "/push-notifications.$~stylesheet",
    [
      553546
    ]
  ],
  [
    "/push-notifications/*",
    [
      553547
    ]
  ],
  [
    "/push-notifications?",
    [
      553548
    ]
  ],
  [
    "/push-sw.js",
    [
      553549
    ]
  ],
  [
    "/push-worker-$script",
    [
      553550
    ]
  ],
  [
    "/push-wrap.js",
    [
      553551
    ]
  ],
  [
    "/push/sbscr.js",
    [
      553552
    ]
  ],
  [
    "/push/sbscrp.js",
    [
      553553
    ]
  ],
  [
    "/push/subscribe.js",
    [
      553554
    ]
  ],
  [
    "/push_app.js",
    [
      553555
    ]
  ],
  [
    "/push_notification.js",
    [
      553556
    ]
  ],
  [
    "/push_notification.min.js",
    [
      553557
    ]
  ],
  [
    "/push_notification/*",
    [
      553558
    ]
  ],
  [
    "/push_notifications.js",
    [
      553559
    ]
  ],
  [
    "/push_subscription.js",
    [
      553560
    ]
  ],
  [
    "/pushes/firebase.js",
    [
      553561
    ]
  ],
  [
    "/pushes/notification.js",
    [
      553562
    ]
  ],
  [
    "/PushexSDK.js",
    [
      553563
    ]
  ],
  [
    "/pushly-sdk.min.js",
    [
      553564
    ]
  ],
  [
    "/pushNotification.js",
    [
      553565
    ]
  ],
  [
    "/pushNotifications.js",
    [
      553566
    ]
  ],
  [
    "/pushnotifications/*",
    [
      553567
    ]
  ],
  [
    "/pushNotificationSdkJS.js",
    [
      553568
    ]
  ],
  [
    "/pushpro-lib.js",
    [
      553569
    ]
  ],
  [
    "/pushsubscribe.js",
    [
      553570
    ]
  ],
  [
    "/pushup-notification/push-app.js",
    [
      553571
    ]
  ],
  [
    "/pushup-notification/push-messaging.js",
    [
      553572
    ]
  ],
  [
    "/pushv2.js",
    [
      553573
    ]
  ],
  [
    "/pushwoosh-service-worker.js",
    [
      553574
    ]
  ],
  [
    "/pushwoosh-web-notifications.js",
    [
      553575
    ]
  ],
  [
    "/pushwoosh-web-pushes-http-sdk.js",
    [
      553576
    ]
  ],
  [
    "/pushy-ver.js",
    [
      553577
    ]
  ],
  [
    "/scripts/onesignal.js",
    [
      553578
    ]
  ],
  [
    "/site-notification-desk.min.js",
    [
      553579
    ]
  ],
  [
    "/smio-push-notification/js/frontend_webpush.js",
    [
      553580
    ]
  ],
  [
    "/subscribe-push-notifications.js",
    [
      553581
    ]
  ],
  [
    "/web-push-notifications.js",
    [
      553582
    ]
  ],
  [
    "/web-push.js",
    [
      553583
    ]
  ],
  [
    "/web-push/init.min.js",
    [
      553584
    ]
  ],
  [
    "/webalert-notification.js",
    [
      553585
    ]
  ],
  [
    "/webnotf.js",
    [
      553586
    ]
  ],
  [
    "/webnotification.js",
    [
      553587
    ]
  ],
  [
    "/webpush-production.js",
    [
      553588
    ]
  ],
  [
    "/webpush.js",
    [
      553589
    ]
  ],
  [
    "/webpush.min.js",
    [
      553590
    ]
  ],
  [
    "/webpush_register.php",
    [
      553591
    ]
  ],
  [
    "/webPushNotifications.js",
    [
      553592
    ]
  ],
  [
    "/wonderpush-loader.min.js",
    [
      553593
    ]
  ],
  [
    "/wonderpush.js",
    [
      553594
    ]
  ],
  [
    "/wonderpush.min.js",
    [
      553595
    ]
  ],
  [
    "/wordpress-fire-push-public.js",
    [
      553596
    ]
  ],
  [
    "/wp-notification-bars-public.js",
    [
      553597
    ]
  ],
  [
    "/app-banner/*$xmlhttprequest",
    [
      553598
    ]
  ],
  [
    "/jquery.androidbanner.js",
    [
      553599
    ]
  ],
  [
    "/js-mobile-*/header_$script",
    [
      553600
    ]
  ],
  [
    "/js/jquery.smartbanner.js|",
    [
      553601
    ]
  ],
  [
    "/js/jquery.smartbanner.min.js|",
    [
      553602
    ]
  ],
  [
    "/mobile-welcome-overlay/*$script",
    [
      553603
    ]
  ],
  [
    "/smart-app-banner.js",
    [
      553604
    ]
  ],
  [
    "||api-push.com^$third-party",
    [
      553605
    ]
  ],
  [
    "||azureedge.net/js/cookie_notificacao.min.js",
    [
      553606
    ]
  ],
  [
    "||bildirnet.com^$third-party",
    [
      553607
    ]
  ],
  [
    "||braze.com^$third-party",
    [
      553608
    ]
  ],
  [
    "||cappushino.com^$third-party",
    [
      553609
    ]
  ],
  [
    "||cdn.qgr.ph^$third-party",
    [
      553610
    ]
  ],
  [
    "||cdn.qgraph.io^$third-party",
    [
      553611
    ]
  ],
  [
    "||centrnotify.com^$third-party",
    [
      553612
    ]
  ],
  [
    "||checke.biz^$third-party",
    [
      553613
    ]
  ],
  [
    "||confirmit.com^$third-party",
    [
      553614
    ]
  ],
  [
    "||conforama-push.com^$third-party",
    [
      553615
    ]
  ],
  [
    "||contentsitesrv.com/js/push/$third-party",
    [
      553616
    ]
  ],
  [
    "||css.xjsx.lol^$third-party",
    [
      553617
    ]
  ],
  [
    "||digipush.io^$third-party",
    [
      553618
    ]
  ],
  [
    "||dpns-notifications.com^$third-party",
    [
      553619
    ]
  ],
  [
    "||easyfeeed.com^$third-party",
    [
      553620
    ]
  ],
  [
    "||evolok.net^$third-party",
    [
      553621
    ]
  ],
  [
    "||farteniuson.com^$third-party",
    [
      553622
    ]
  ],
  [
    "||getnotification.me^$third-party",
    [
      553623
    ]
  ],
  [
    "||irpush.com^$third-party",
    [
      553624
    ]
  ],
  [
    "||jubi.ai/buttonbot/$script,third-party",
    [
      553625
    ]
  ],
  [
    "||krakenoptimize.com^$third-party",
    [
      553626
    ]
  ],
  [
    "||luravius.com^$third-party",
    [
      553627
    ]
  ],
  [
    "||medallia.com^*/onsite/embed.js",
    [
      553628
    ]
  ],
  [
    "||neopush.io^$third-party",
    [
      553629
    ]
  ],
  [
    "||news2day.me^$third-party",
    [
      553630
    ]
  ],
  [
    "||notification-time.com^$third-party",
    [
      553631
    ]
  ],
  [
    "||notification.tubecup.net^",
    [
      553632
    ]
  ],
  [
    "||notifications.ltd^$third-party",
    [
      553633
    ]
  ],
  [
    "||notifikuj.cz^$third-party",
    [
      553634
    ]
  ],
  [
    "||notifstation.com^$third-party",
    [
      553635
    ]
  ],
  [
    "||notix.io^$third-party",
    [
      553636
    ]
  ],
  [
    "||ntvsw.com^$third-party",
    [
      553637
    ]
  ],
  [
    "||partishion.com^$third-party",
    [
      553638
    ]
  ],
  [
    "||pathlime.com^$third-party",
    [
      553639
    ]
  ],
  [
    "||popmechanic.ru^$third-party",
    [
      553640
    ]
  ],
  [
    "||propush.net^$third-party",
    [
      553641
    ]
  ],
  [
    "||pt.appirits.com^$third-party",
    [
      553642
    ]
  ],
  [
    "||puscomosca.com^$third-party",
    [
      553643
    ]
  ],
  [
    "||push-centr.com^$third-party",
    [
      553644
    ]
  ],
  [
    "||push-centr.net^$third-party",
    [
      553645
    ]
  ],
  [
    "||push-engage.com^$third-party",
    [
      553646
    ]
  ],
  [
    "||push-notifications.top^$third-party",
    [
      553647
    ]
  ],
  [
    "||push-pro.net^$third-party",
    [
      553648
    ]
  ],
  [
    "||push.asahiinteractive.com^",
    [
      553649
    ]
  ],
  [
    "||push.bytesignal.com^",
    [
      553650
    ]
  ],
  [
    "||push.daksham.in^$third-party",
    [
      553651
    ]
  ],
  [
    "||push.delivery.ethinking.de^",
    [
      553652
    ]
  ],
  [
    "||push.delivery^$third-party",
    [
      553653
    ]
  ],
  [
    "||push.esputnik.com^",
    [
      553654
    ]
  ],
  [
    "||push.getbeamer.com^",
    [
      553655
    ]
  ],
  [
    "||push.knd.ro^",
    [
      553656
    ]
  ],
  [
    "||push.newscraft.io^",
    [
      553657
    ]
  ],
  [
    "||push.reamaze.com^",
    [
      553658
    ]
  ],
  [
    "||push.rollout.io^$third-party",
    [
      553659
    ]
  ],
  [
    "||push.world^$third-party",
    [
      553660
    ]
  ],
  [
    "||pushaddict.com^$third-party",
    [
      553661
    ]
  ],
  [
    "||pushango.com^$third-party",
    [
      553662
    ]
  ],
  [
    "||pushassist.com^$third-party",
    [
      553663
    ]
  ],
  [
    "||pushaya.com^$third-party",
    [
      553664
    ]
  ],
  [
    "||pushbaza.com^$third-party",
    [
      553665
    ]
  ],
  [
    "||pushbots.com^$third-party",
    [
      553666
    ]
  ],
  [
    "||pushbox.info^$third-party",
    [
      553667
    ]
  ],
  [
    "||pushcentr.com^$third-party",
    [
      553668
    ]
  ],
  [
    "||pushchev.info^$third-party",
    [
      553669
    ]
  ],
  [
    "||pushcrew.com^$third-party",
    [
      553670
    ]
  ],
  [
    "||pushdealer.com^$third-party",
    [
      553671
    ]
  ],
  [
    "||pushe.co^$third-party",
    [
      553672
    ]
  ],
  [
    "||pusherapp.com^$third-party",
    [
      553673
    ]
  ],
  [
    "||pushinpage.com^$third-party",
    [
      553674
    ]
  ],
  [
    "||pushinstruments.com^$third-party",
    [
      553675
    ]
  ],
  [
    "||pushio.com^$third-party",
    [
      553676
    ]
  ],
  [
    "||pushjunky.com^$third-party",
    [
      553677
    ]
  ],
  [
    "||pushkahouse.com^$third-party",
    [
      553678
    ]
  ],
  [
    "||pushkaplus.com^$third-party",
    [
      553679
    ]
  ],
  [
    "||pushly.com^$third-party",
    [
      553680
    ]
  ],
  [
    "||pushmaster-cdn.xyz^$third-party",
    [
      553681
    ]
  ],
  [
    "||pushmejs.com^$third-party",
    [
      553682
    ]
  ],
  [
    "||pushnews.eu^$third-party",
    [
      553683
    ]
  ],
  [
    "||pushnotifications.click^$third-party",
    [
      553684
    ]
  ],
  [
    "||pushouse.com^$third-party",
    [
      553685
    ]
  ],
  [
    "||pushowl.com^$third-party",
    [
      553686
    ]
  ],
  [
    "||pushpad.xyz^$third-party",
    [
      553687
    ]
  ],
  [
    "||pushpanda.io^$third-party",
    [
      553688
    ]
  ],
  [
    "||pushpro.io^$third-party",
    [
      553689
    ]
  ],
  [
    "||pushprofit.ru^$third-party",
    [
      553690
    ]
  ],
  [
    "||pushprospush.com^$third-party",
    [
      553691
    ]
  ],
  [
    "||pushpushgo.com^$third-party",
    [
      553692
    ]
  ],
  [
    "||pushstack.it^$third-party",
    [
      553693
    ]
  ],
  [
    "||pushtide.com^$third-party",
    [
      553694
    ]
  ],
  [
    "||pushvip.ru^$third-party",
    [
      553695
    ]
  ],
  [
    "||pushwhy.com^$third-party",
    [
      553696
    ]
  ],
  [
    "||pushy.ai^$third-party",
    [
      553697
    ]
  ],
  [
    "||quarepush.com^$third-party",
    [
      553698
    ]
  ],
  [
    "||quaruzon.com^$third-party",
    [
      553699
    ]
  ],
  [
    "||realpush.media^$third-party",
    [
      553700
    ]
  ],
  [
    "||realpush.network^$third-party",
    [
      553701
    ]
  ],
  [
    "||revpusher.com^$third-party",
    [
      553702
    ]
  ],
  [
    "||sckxppzdm.com^$third-party",
    [
      553703
    ]
  ],
  [
    "||signaly.co^$third-party",
    [
      553704
    ]
  ],
  [
    "||snrcdn.net^$third-party",
    [
      553705
    ]
  ],
  [
    "||spacepush.ru^$third-party",
    [
      553706
    ]
  ],
  [
    "||system-notify.app^$third-party",
    [
      553707
    ]
  ],
  [
    "||ternairsoftware.com/publicwebpush/",
    [
      553708
    ]
  ],
  [
    "||topswp.com^$third-party",
    [
      553709
    ]
  ],
  [
    "||unative.com^$third-party",
    [
      553710
    ]
  ],
  [
    "||viafoura.net/push_handlers.js",
    [
      553711
    ]
  ],
  [
    "||virtualpushplatform.com^$third-party",
    [
      553712
    ]
  ],
  [
    "||webpush.jp^$third-party",
    [
      553713
    ]
  ],
  [
    "||webpushr.com^$third-party",
    [
      553714
    ]
  ],
  [
    "||webpushs.com^$third-party",
    [
      553715
    ]
  ],
  [
    "||whitepush.biz^$third-party",
    [
      553716
    ]
  ],
  [
    "||worldpush.co^$third-party",
    [
      553717
    ]
  ],
  [
    "||wps.relateddigital.com^$third-party",
    [
      553718
    ]
  ],
  [
    "||wpush.biz^$third-party",
    [
      553719
    ]
  ],
  [
    "||wpushsdk.com^$third-party",
    [
      553720
    ]
  ],
  [
    "||xedo.me^$third-party",
    [
      553721
    ]
  ],
  [
    "||youlead.pl/webpushprompt.js",
    [
      553722
    ]
  ],
  [
    "||accengage.net^$third-party",
    [
      553723
    ]
  ],
  [
    "||actirinius.com^$third-party",
    [
      553724
    ]
  ],
  [
    "||aimtell.com^$third-party",
    [
      553725
    ]
  ],
  [
    "||alertme.news^$third-party",
    [
      553726
    ]
  ],
  [
    "||amazonaws.com/cdn.aimtell.com/",
    [
      553727
    ]
  ],
  [
    "||aswpsdkeu.com^$third-party",
    [
      553728
    ]
  ],
  [
    "||aswpsdkus.com^$third-party",
    [
      553729
    ]
  ],
  [
    "||bildirt.com^$third-party",
    [
      553730
    ]
  ],
  [
    "||bosspush.com^$third-party",
    [
      553731
    ]
  ],
  [
    "||browserpusher.com^$third-party",
    [
      553732
    ]
  ],
  [
    "||cdn-sitegainer.com^$third-party",
    [
      553733
    ]
  ],
  [
    "||cleverpush.com^$third-party",
    [
      553734
    ]
  ],
  [
    "||copush.com^$third-party",
    [
      553735
    ]
  ],
  [
    "||cracataum.com^$third-party",
    [
      553736
    ]
  ],
  [
    "||danorenius.com^$third-party",
    [
      553737
    ]
  ],
  [
    "||digitalpush.org^$third-party",
    [
      553738
    ]
  ],
  [
    "||edrone.me^$third-party",
    [
      553739
    ]
  ],
  [
    "||face-push.com^$third-party",
    [
      553740
    ]
  ],
  [
    "||feedify.net^$third-party",
    [
      553741
    ]
  ],
  [
    "||feraciumus.com^$third-party",
    [
      553742
    ]
  ],
  [
    "||fernomius.com^$third-party",
    [
      553743
    ]
  ],
  [
    "||fkondate.com^$third-party",
    [
      553744
    ]
  ],
  [
    "||foxpush.com^$third-party",
    [
      553745
    ]
  ],
  [
    "||foxpush.net^$third-party",
    [
      553746
    ]
  ],
  [
    "||getback.ch^$third-party",
    [
      553747
    ]
  ],
  [
    "||getpush.net^$third-party",
    [
      553748
    ]
  ],
  [
    "||getpushmonkey.com^$third-party",
    [
      553749
    ]
  ],
  [
    "||gravitec.net^$third-party",
    [
      553750
    ]
  ],
  [
    "||heroesdom.com^$third-party",
    [
      553751
    ]
  ],
  [
    "||jeeng.com^$third-party",
    [
      553752
    ]
  ],
  [
    "||kattepush.com^$third-party",
    [
      553753
    ]
  ],
  [
    "||master-push.com^$third-party",
    [
      553754
    ]
  ],
  [
    "||master-push.net^$third-party",
    [
      553755
    ]
  ],
  [
    "||misrepush.com^$third-party",
    [
      553756
    ]
  ],
  [
    "||moengage.com^$third-party",
    [
      553757
    ]
  ],
  [
    "||mp3vizor.com^$third-party",
    [
      553758
    ]
  ],
  [
    "||najva.com^$third-party",
    [
      553759
    ]
  ],
  [
    "||nativesubscribe.pro^$third-party",
    [
      553760
    ]
  ],
  [
    "||notifadz.com^$third-party",
    [
      553761
    ]
  ],
  [
    "||notifpush.com^$third-party",
    [
      553762
    ]
  ],
  [
    "||notify.solutions^$third-party",
    [
      553763
    ]
  ],
  [
    "||olgtex.com^$third-party",
    [
      553764
    ]
  ],
  [
    "||on-push.com^$third-party",
    [
      553765
    ]
  ],
  [
    "||onepush.app^$third-party",
    [
      553766
    ]
  ],
  [
    "||provesrc.com^$third-party",
    [
      553767
    ]
  ],
  [
    "||psh.one^$third-party",
    [
      553768
    ]
  ],
  [
    "||push-ad.com^$third-party",
    [
      553769
    ]
  ],
  [
    "||push-free.com^$third-party",
    [
      553770
    ]
  ],
  [
    "||push-house.net^$third-party",
    [
      553771
    ]
  ],
  [
    "||pushalert.co^$third-party",
    [
      553772
    ]
  ],
  [
    "||pushbird.com^$third-party",
    [
      553773
    ]
  ],
  [
    "||pushbullet.com^$third-party",
    [
      553774
    ]
  ],
  [
    "||pushengage.com^$third-party",
    [
      553775
    ]
  ],
  [
    "||pushex.io^$third-party",
    [
      553776
    ]
  ],
  [
    "||pushible.com^$third-party",
    [
      553777
    ]
  ],
  [
    "||pushify.com^$third-party",
    [
      553778
    ]
  ],
  [
    "||pushwoosh.com^$third-party",
    [
      553779
    ]
  ],
  [
    "||reprocautious.com^$third-party",
    [
      553780
    ]
  ],
  [
    "||sendpulse.com^$third-party",
    [
      553781
    ]
  ],
  [
    "||setrowid.com^$third-party",
    [
      553782
    ]
  ],
  [
    "||shroughtened.com^$third-party",
    [
      553783
    ]
  ],
  [
    "||sm-epsilon.com^$third-party",
    [
      553784
    ]
  ],
  [
    "||snd.tc^$third-party",
    [
      553785
    ]
  ],
  [
    "||subscribers.com^$third-party",
    [
      553786
    ]
  ],
  [
    "||truenat.bid^$third-party",
    [
      553787
    ]
  ],
  [
    "||truepush.com^$third-party",
    [
      553788
    ]
  ],
  [
    "||urbanairship.com^$third-party",
    [
      553789
    ]
  ],
  [
    "||viapush.com^$third-party",
    [
      553790
    ]
  ],
  [
    "||webpu.sh^$third-party",
    [
      553791
    ]
  ],
  [
    "||whiteclick.biz^$third-party",
    [
      553792
    ]
  ],
  [
    "||wnpbdan.bid^$third-party",
    [
      553793
    ]
  ],
  [
    "||wonderpush.com^$third-party",
    [
      553794
    ]
  ],
  [
    "||wwclicknews.club^$third-party",
    [
      553795
    ]
  ],
  [
    "||wwclicktm.club^$third-party",
    [
      553796
    ]
  ],
  [
    "||xtremepush.com^$third-party",
    [
      553797
    ]
  ],
  [
    "||app.adjust.net.in/smart_banner",
    [
      553798
    ]
  ],
  [
    "||mobi24.net^$third-party",
    [
      553799
    ]
  ],
  [
    "/firebase-messaging.js$script,domain=tribunnews.com",
    [
      553800
    ]
  ],
  [
    "||9to5terminal.com/push.js",
    [
      553801
    ]
  ],
  [
    "||abendpoint.com/dist/js/push.js",
    [
      553802
    ]
  ],
  [
    "||alerts.ndtv.com^",
    [
      553803
    ]
  ],
  [
    "||alerts.thedailystar.net^",
    [
      553804
    ]
  ],
  [
    "||alibaba.com/sw.js",
    [
      553805
    ]
  ],
  [
    "||annahar.com/assets/js/notifications.js",
    [
      553806
    ]
  ],
  [
    "||astian.org/?push_notification_sw",
    [
      553807
    ]
  ],
  [
    "||bdstatic.com/linksubmit/push.js",
    [
      553808
    ]
  ],
  [
    "||dailymail.co.uk/api/web-push-notification/",
    [
      553809
    ]
  ],
  [
    "||gadgetsnow.com/sw.cms",
    [
      553810
    ]
  ],
  [
    "||gstatic.com/firebasejs/$domain=joins.com|packaginginsights.com",
    [
      553811
    ]
  ],
  [
    "||hindustantimes.com/messaging-sw.js",
    [
      553812
    ]
  ],
  [
    "||hindustantimes.com/sw.js",
    [
      553813
    ]
  ],
  [
    "||hindustantimes.com^*/ht-notification-",
    [
      553814
    ]
  ],
  [
    "||hulkprod.anm.co.uk/api/web-push-notification/",
    [
      553815
    ]
  ],
  [
    "||imyfone.com/*/notification/$script",
    [
      553816
    ]
  ],
  [
    "||indiatimes.com/pn/",
    [
      553817
    ]
  ],
  [
    "||iol.co.za/sw.js",
    [
      553818
    ]
  ],
  [
    "||kogan.com/sw.js",
    [
      553819
    ]
  ],
  [
    "||latestdeals.co.uk/sw.js",
    [
      553820
    ]
  ],
  [
    "||msn.com/bundles/v1/homePage/latest/experiences_conditional-banner",
    [
      553821
    ]
  ],
  [
    "||ndtv.com/js/breaking_pushalert_revised.js",
    [
      553822
    ]
  ],
  [
    "||ndtv.com/sw.js",
    [
      553823
    ]
  ],
  [
    "||newsukraine.rbc.ua/sworker.js",
    [
      553824
    ]
  ],
  [
    "||nookazon.com/firebase-messaging-sw.js",
    [
      553825
    ]
  ],
  [
    "||notify.hindustantimes.com^",
    [
      553826
    ]
  ],
  [
    "||phys.org/push-sw.js",
    [
      553827
    ]
  ],
  [
    "||push.cnnindonesia.com^",
    [
      553828
    ]
  ],
  [
    "||push.ictsd.org^",
    [
      553829
    ]
  ],
  [
    "||renaultsport.com/spip.php?page=sw.js",
    [
      553830
    ]
  ],
  [
    "||rottentomatoes.com/service-worker/sw.js",
    [
      553831
    ]
  ],
  [
    "||rt.com/homescreen-sw.js",
    [
      553832
    ]
  ],
  [
    "||sammobile.com/wp-content/plugins/sam-push-notifications/",
    [
      553833
    ]
  ],
  [
    "||scmp.com/sw.js",
    [
      553834
    ]
  ],
  [
    "||seattletimes.com/wp-content/plugins/st-user-messaging/$script",
    [
      553835
    ]
  ],
  [
    "||sportskeeda.com/js/production/web-notifications/",
    [
      553836
    ]
  ],
  [
    "||techwalla.com/push-service-worker.js",
    [
      553837
    ]
  ],
  [
    "||telegraphindia.com/akam-sw.js",
    [
      553838
    ]
  ],
  [
    "||timesnownews.com/sw.js",
    [
      553839
    ]
  ],
  [
    "||ultimedia.com/js/common/notification.js",
    [
      553840
    ]
  ],
  [
    "||weather.com/*.MedalliaSurvey.",
    [
      553841
    ]
  ],
  [
    "||0564.ua/assets/d6ade384/js/alertsWidget.js",
    [
      553842
    ]
  ],
  [
    "||ad-hoc-news.de/js/push.js",
    [
      553843
    ]
  ],
  [
    "||agazeta.com.br/assets/javascript/notification.js",
    [
      553844
    ]
  ],
  [
    "||cnnindonesia.com/sw.js",
    [
      553845
    ]
  ],
  [
    "||dcnews.ro/sm-",
    [
      553846
    ]
  ],
  [
    "||elpais.com.uy/utms.js",
    [
      553847
    ]
  ],
  [
    "||flashscore.fr^*/build/notifications.",
    [
      553848
    ]
  ],
  [
    "||futura-sciences.com/clientscript/push.js",
    [
      553849
    ]
  ],
  [
    "||horoscope.fr/notifications/",
    [
      553850
    ]
  ],
  [
    "||informazione.it/wr/promo-miainfo.js",
    [
      553851
    ]
  ],
  [
    "||metrobilbao.eus/firebase-messaging-sw.js",
    [
      553852
    ]
  ],
  [
    "||push.idowa.de^",
    [
      553853
    ]
  ],
  [
    "||push.neko-san.fr^",
    [
      553854
    ]
  ],
  [
    "||pushme.magellanotech.it^",
    [
      553855
    ]
  ],
  [
    "||tio.ch/js/api.push.js",
    [
      553856
    ]
  ],
  [
    "||tutto.tv/wp-content/plugins/plugin-notifiche-",
    [
      553857
    ]
  ],
  [
    "||uchubiz.com/wp-content/themes/uchubiz/assets/js/push.js",
    [
      553858
    ]
  ],
  [
    "||winnipegfreepress.com/firebase-messaging-sw.js",
    [
      553859
    ]
  ],
  [
    "||static.chrono24.com/lib/generated/js/app-hint-layer.",
    [
      553860
    ]
  ],
  [
    "||tapcart.com/mobile-download-banner/banner-min.js",
    [
      553861
    ]
  ],
  [
    "@@||bostonherald.com^*/webpush.js$script,~third-party",
    [
      553862
    ]
  ],
  [
    "@@||braze.com/api/$domain=dairyqueen.com|deezer.com",
    [
      553863
    ]
  ],
  [
    "@@||forums.opera.com/assets/src/modules/notifications.js$~third-party",
    [
      553864
    ]
  ],
  [
    "@@||inevent.com/js/wizard/pushNotification.js$script,~third-party",
    [
      553865
    ]
  ],
  [
    "@@||learner.mycreds.ca/assets/js/modules/notifications.min.js$~third-party",
    [
      553866
    ]
  ],
  [
    "@@||ledevoir.com/js/web-push.js$script,~third-party",
    [
      553867
    ]
  ],
  [
    "@@||oakley.com^*/notifications.js$~third-party",
    [
      553868
    ]
  ],
  [
    "@@||paste.crdroid.net/assets/js/modules/notifications.js$script,~third-party",
    [
      553869
    ]
  ],
  [
    "@@||snrcdn.net/sdk/3.0/synerise-javascript-sdk.min.js$domain=komputronik.pl",
    [
      553870
    ]
  ],
  [
    "@@||st.mycdn.me/static/*/WebPush.js$script,domain=ok.ru",
    [
      553871
    ]
  ],
  [
    "@@||webpush.jp/js/browserpushv3.js$domain=zakzak.co.jp",
    [
      553872
    ]
  ],
  [
    "@@||anadolu.edu.tr/assets/js/jquery.smartbanner.js$~third-party",
    [
      553873
    ]
  ],
  [
    "@@||assure.ameli.fr^*/smart-app-banner.js$~third-party",
    [
      553874
    ]
  ],
  [
    "@@||mafia.ua/js/jquery.smartbanner.js$script,~third-party",
    [
      553875
    ]
  ],
  [
    "@@||mirage.ru/js/jquery.smartbanner.js$script,~third-party",
    [
      553876
    ]
  ]
]